[zerstor.store/index.html]
[backblue.gif]
[fade.gif]
[index.html]
[zerstor.store/assets/css/bootstrap.min.css]
[zerstor.store/assets/fonts/line-icons.css]
[zerstor.store/assets/css/owl.carousel.min.css]
[zerstor.store/assets/css/owl.theme.css]
[zerstor.store/assets/css/animate.css]
[zerstor.store/assets/css/main.css]
[zerstor.store/assets/css/responsive.css]
[zerstor.store/index-2.html]
[zerstor.store/assets/img/intro-mobile.png]
[zerstor.store/assets/img/about/img-1.png]
[zerstor.store/assets/js/jquery-min.js]
[zerstor.store/assets/js/popper.min.js]
[zerstor.store/assets/js/bootstrap.min.js]
[zerstor.store/assets/js/owl.carousel.min.js]
[zerstor.store/assets/js/wow.js]
[zerstor.store/assets/js/jquery.nav.js]
[zerstor.store/assets/js/scrolling-nav.js]
[zerstor.store/assets/js/jquery.easing.min.js]
[zerstor.store/assets/js/main.js]
[zerstor.store/assets/js/form-validator.min.js]
[zerstor.store/index.html]
[zerstor.store/assets/css/bootstrap.min.css]
[zerstor.store/assets/js/contact-form-script.min.js]
[zerstor.store/assets/fonts/LineIconsa7fb.eot]
[zerstor.store/assets/fonts/LineIconsa7fb.ttf]
[zerstor.store/assets/fonts/LineIconsa7fb.woff]
[zerstor.store/assets/fonts/line-icons.css]
[zerstor.store/assets/fonts/LineIconsa7fb.svg]
[zerstor.store/assets/css/owl.video.play.png]
[zerstor.store/assets/css/owl.carousel.min.css]
[zerstor.store/assets/css/owl.theme.css]
[zerstor.store/assets/css/animate.css]
[zerstor.store/assets/css/main.css]
[zerstor.store/assets/css/responsive.css]
[zerstor.store/index-2.html]
[zerstor.store/assets/fonts/LineIconsa7fb.svg]
[zerstor.store/assets/css/owl.video.play.html]
[zerstor.store/assets/img/hero-area.svg]
[zerstor.store/assets/img/hero-area.svg]
